2026-06-08T18:25:26.597+08:00  INFO 2736 --- [library-management-system] [main] com.library.LibraryApplication           : Starting LibraryApplication using Java 23.0.1 with PID 2736 (F:\作业\Trae_ai\first\Book\spring boot\target\classes started by Administrator in F:\作业\Trae_ai\first\Book\spring boot)
2026-06-08T18:25:26.599+08:00 DEBUG 2736 --- [library-management-system] [main] com.library.LibraryApplication           : Running with Spring Boot v3.2.0, Spring v6.1.1
2026-06-08T18:25:26.599+08:00  INFO 2736 --- [library-management-system] [main] com.library.LibraryApplication           : No active profile set, falling back to 1 default profile: "default"
2026-06-08T18:25:29.695+08:00  INFO 2736 --- [library-management-system] [main] .s.d.r.c.RepositoryConfigurationDelegate : Multiple Spring Data modules found, entering strict repository configuration mode
2026-06-08T18:25:29.698+08:00  INFO 2736 --- [library-management-system] [main] .s.d.r.c.RepositoryConfigurationDelegate : Bootstrapping Spring Data JPA repositories in DEFAULT mode.
2026-06-08T18:25:29.715+08:00  INFO 2736 --- [library-management-system] [main] .s.d.r.c.RepositoryConfigurationDelegate : Finished Spring Data repository scanning in 5 ms. Found 0 JPA repository interfaces.
2026-06-08T18:25:29.719+08:00  INFO 2736 --- [library-management-system] [main] .s.d.r.c.RepositoryConfigurationDelegate : Multiple Spring Data modules found, entering strict repository configuration mode
2026-06-08T18:25:29.721+08:00  INFO 2736 --- [library-management-system] [main] .s.d.r.c.RepositoryConfigurationDelegate : Bootstrapping Spring Data JPA repositories in DEFAULT mode.
2026-06-08T18:25:29.951+08:00  INFO 2736 --- [library-management-system] [main] .s.d.r.c.RepositoryConfigurationDelegate : Finished Spring Data repository scanning in 230 ms. Found 5 JPA repository interfaces.
2026-06-08T18:25:29.953+08:00  INFO 2736 --- [library-management-system] [main] .s.d.r.c.RepositoryConfigurationDelegate : Multiple Spring Data modules found, entering strict repository configuration mode
2026-06-08T18:25:29.953+08:00  INFO 2736 --- [library-management-system] [main] .s.d.r.c.RepositoryConfigurationDelegate : Bootstrapping Spring Data JPA repositories in DEFAULT mode.
2026-06-08T18:25:29.996+08:00  INFO 2736 --- [library-management-system] [main] .s.d.r.c.RepositoryConfigurationDelegate : Finished Spring Data repository scanning in 42 ms. Found 9 JPA repository interfaces.
2026-06-08T18:25:29.997+08:00  INFO 2736 --- [library-management-system] [main] .s.d.r.c.RepositoryConfigurationDelegate : Multiple Spring Data modules found, entering strict repository configuration mode
2026-06-08T18:25:29.997+08:00  INFO 2736 --- [library-management-system] [main] .s.d.r.c.RepositoryConfigurationDelegate : Bootstrapping Spring Data JPA repositories in DEFAULT mode.
2026-06-08T18:25:29.998+08:00  INFO 2736 --- [library-management-system] [main] .s.d.r.c.RepositoryConfigurationDelegate : Finished Spring Data repository scanning in 0 ms. Found 0 JPA repository interfaces.
2026-06-08T18:25:29.998+08:00  INFO 2736 --- [library-management-system] [main] .s.d.r.c.RepositoryConfigurationDelegate : Multiple Spring Data modules found, entering strict repository configuration mode
2026-06-08T18:25:29.998+08:00  INFO 2736 --- [library-management-system] [main] .s.d.r.c.RepositoryConfigurationDelegate : Bootstrapping Spring Data JPA repositories in DEFAULT mode.
2026-06-08T18:25:30.004+08:00  INFO 2736 --- [library-management-system] [main] .s.d.r.c.RepositoryConfigurationDelegate : Finished Spring Data repository scanning in 6 ms. Found 1 JPA repository interface.
2026-06-08T18:25:30.363+08:00  INFO 2736 --- [library-management-system] [main] .s.d.r.c.RepositoryConfigurationDelegate : Multiple Spring Data modules found, entering strict repository configuration mode
2026-06-08T18:25:30.365+08:00  INFO 2736 --- [library-management-system] [main] .s.d.r.c.RepositoryConfigurationDelegate : Bootstrapping Spring Data Redis repositories in DEFAULT mode.
2026-06-08T18:25:30.412+08:00  INFO 2736 --- [library-management-system] [main] .RepositoryConfigurationExtensionSupport : Spring Data Redis - Could not safely identify store assignment for repository candidate interface com.library.repository.admin.AdminUserRepository; If you want this repository to be a Redis repository, consider annotating your entities with one of these annotations: org.springframework.data.redis.core.RedisHash (preferred), or consider extending one of the following types with your repository: org.springframework.data.keyvalue.repository.KeyValueRepository
2026-06-08T18:25:30.413+08:00  INFO 2736 --- [library-management-system] [main] .RepositoryConfigurationExtensionSupport : Spring Data Redis - Could not safely identify store assignment for repository candidate interface com.library.repository.admin.AuditLogRepository; If you want this repository to be a Redis repository, consider annotating your entities with one of these annotations: org.springframework.data.redis.core.RedisHash (preferred), or consider extending one of the following types with your repository: org.springframework.data.keyvalue.repository.KeyValueRepository
2026-06-08T18:25:30.414+08:00  INFO 2736 --- [library-management-system] [main] .RepositoryConfigurationExtensionSupport : Spring Data Redis - Could not safely identify store assignment for repository candidate interface com.library.repository.admin.LoginLogRepository; If you want this repository to be a Redis repository, consider annotating your entities with one of these annotations: org.springframework.data.redis.core.RedisHash (preferred), or consider extending one of the following types with your repository: org.springframework.data.keyvalue.repository.KeyValueRepository
2026-06-08T18:25:30.414+08:00  INFO 2736 --- [library-management-system] [main] .RepositoryConfigurationExtensionSupport : Spring Data Redis - Could not safely identify store assignment for repository candidate interface com.library.repository.admin.SuperAdminRepository; If you want this repository to be a Redis repository, consider annotating your entities with one of these annotations: org.springframework.data.redis.core.RedisHash (preferred), or consider extending one of the following types with your repository: org.springframework.data.keyvalue.repository.KeyValueRepository
2026-06-08T18:25:30.414+08:00  INFO 2736 --- [library-management-system] [main] .RepositoryConfigurationExtensionSupport : Spring Data Redis - Could not safely identify store assignment for repository candidate interface com.library.repository.admin.TokenBlacklistRepository; If you want this repository to be a Redis repository, consider annotating your entities with one of these annotations: org.springframework.data.redis.core.RedisHash (preferred), or consider extending one of the following types with your repository: org.springframework.data.keyvalue.repository.KeyValueRepository
2026-06-08T18:25:30.415+08:00  INFO 2736 --- [library-management-system] [main] .RepositoryConfigurationExtensionSupport : Spring Data Redis - Could not safely identify store assignment for repository candidate interface com.library.repository.BookRepository; If you want this repository to be a Redis repository, consider annotating your entities with one of these annotations: org.springframework.data.redis.core.RedisHash (preferred), or consider extending one of the following types with your repository: org.springframework.data.keyvalue.repository.KeyValueRepository
2026-06-08T18:25:30.415+08:00  INFO 2736 --- [library-management-system] [main] .RepositoryConfigurationExtensionSupport : Spring Data Redis - Could not safely identify store assignment for repository candidate interface com.library.repository.BorrowRepository; If you want this repository to be a Redis repository, consider annotating your entities with one of these annotations: org.springframework.data.redis.core.RedisHash (preferred), or consider extending one of the following types with your repository: org.springframework.data.keyvalue.repository.KeyValueRepository
2026-06-08T18:25:30.415+08:00  INFO 2736 --- [library-management-system] [main] .RepositoryConfigurationExtensionSupport : Spring Data Redis - Could not safely identify store assignment for repository candidate interface com.library.repository.CategoryRepository; If you want this repository to be a Redis repository, consider annotating your entities with one of these annotations: org.springframework.data.redis.core.RedisHash (preferred), or consider extending one of the following types with your repository: org.springframework.data.keyvalue.repository.KeyValueRepository
2026-06-08T18:25:30.415+08:00  INFO 2736 --- [library-management-system] [main] .RepositoryConfigurationExtensionSupport : Spring Data Redis - Could not safely identify store assignment for repository candidate interface com.library.repository.ChapterRepository; If you want this repository to be a Redis repository, consider annotating your entities with one of these annotations: org.springframework.data.redis.core.RedisHash (preferred), or consider extending one of the following types with your repository: org.springframework.data.keyvalue.repository.KeyValueRepository
2026-06-08T18:25:30.415+08:00  INFO 2736 --- [library-management-system] [main] .RepositoryConfigurationExtensionSupport : Spring Data Redis - Could not safely identify store assignment for repository candidate interface com.library.repository.EBookRepository; If you want this repository to be a Redis repository, consider annotating your entities with one of these annotations: org.springframework.data.redis.core.RedisHash (preferred), or consider extending one of the following types with your repository: org.springframework.data.keyvalue.repository.KeyValueRepository
2026-06-08T18:25:30.415+08:00  INFO 2736 --- [library-management-system] [main] .RepositoryConfigurationExtensionSupport : Spring Data Redis - Could not safely identify store assignment for repository candidate interface com.library.repository.RankingRepository; If you want this repository to be a Redis repository, consider annotating your entities with one of these annotations: org.springframework.data.redis.core.RedisHash (preferred), or consider extending one of the following types with your repository: org.springframework.data.keyvalue.repository.KeyValueRepository
2026-06-08T18:25:30.419+08:00  INFO 2736 --- [library-management-system] [main] .RepositoryConfigurationExtensionSupport : Spring Data Redis - Could not safely identify store assignment for repository candidate interface com.library.repository.ReadingProgressRepository; If you want this repository to be a Redis repository, consider annotating your entities with one of these annotations: org.springframework.data.redis.core.RedisHash (preferred), or consider extending one of the following types with your repository: org.springframework.data.keyvalue.repository.KeyValueRepository
2026-06-08T18:25:30.420+08:00  INFO 2736 --- [library-management-system] [main] .RepositoryConfigurationExtensionSupport : Spring Data Redis - Could not safely identify store assignment for repository candidate interface com.library.repository.UserFavoriteRepository; If you want this repository to be a Redis repository, consider annotating your entities with one of these annotations: org.springframework.data.redis.core.RedisHash (preferred), or consider extending one of the following types with your repository: org.springframework.data.keyvalue.repository.KeyValueRepository
2026-06-08T18:25:30.420+08:00  INFO 2736 --- [library-management-system] [main] .RepositoryConfigurationExtensionSupport : Spring Data Redis - Could not safely identify store assignment for repository candidate interface com.library.repository.UserRepository; If you want this repository to be a Redis repository, consider annotating your entities with one of these annotations: org.springframework.data.redis.core.RedisHash (preferred), or consider extending one of the following types with your repository: org.springframework.data.keyvalue.repository.KeyValueRepository
2026-06-08T18:25:30.421+08:00  INFO 2736 --- [library-management-system] [main] .RepositoryConfigurationExtensionSupport : Spring Data Redis - Could not safely identify store assignment for repository candidate interface com.library.repository.user.NormalUserRepository; If you want this repository to be a Redis repository, consider annotating your entities with one of these annotations: org.springframework.data.redis.core.RedisHash (preferred), or consider extending one of the following types with your repository: org.springframework.data.keyvalue.repository.KeyValueRepository
2026-06-08T18:25:30.421+08:00  INFO 2736 --- [library-management-system] [main] .s.d.r.c.RepositoryConfigurationDelegate : Finished Spring Data repository scanning in 38 ms. Found 0 Redis repository interfaces.
2026-06-08T18:25:31.784+08:00  INFO 2736 --- [library-management-system] [main] o.s.b.w.embedded.tomcat.TomcatWebServer  : Tomcat initialized with port 8080 (http)
2026-06-08T18:25:31.804+08:00  INFO 2736 --- [library-management-system] [main] o.apache.catalina.core.StandardService   : Starting service [Tomcat]
2026-06-08T18:25:31.805+08:00  INFO 2736 --- [library-management-system] [main] o.apache.catalina.core.StandardEngine    : Starting Servlet engine: [Apache Tomcat/10.1.16]
2026-06-08T18:25:31.890+08:00  INFO 2736 --- [library-management-system] [main] o.a.c.c.C.[Tomcat].[localhost].[/]       : Initializing Spring embedded WebApplicationContext
2026-06-08T18:25:31.890+08:00  INFO 2736 --- [library-management-system] [main] w.s.c.ServletWebServerApplicationContext : Root WebApplicationContext: initialization completed in 5193 ms
2026-06-08T18:25:32.125+08:00  INFO 2736 --- [library-management-system] [main] o.hibernate.jpa.internal.util.LogHelper  : HHH000204: Processing PersistenceUnitInfo [name: admin]
2026-06-08T18:25:32.228+08:00  INFO 2736 --- [library-management-system] [main] org.hibernate.Version                    : HHH000412: Hibernate ORM core version 6.3.1.Final
2026-06-08T18:25:32.291+08:00  INFO 2736 --- [library-management-system] [main] o.h.c.internal.RegionFactoryInitiator    : HHH000026: Second-level cache disabled
2026-06-08T18:25:32.808+08:00  INFO 2736 --- [library-management-system] [main] o.s.o.j.p.SpringPersistenceUnitInfo      : No LoadTimeWeaver setup: ignoring JPA class transformer
2026-06-08T18:25:32.846+08:00  INFO 2736 --- [library-management-system] [main] com.zaxxer.hikari.HikariDataSource       : HikariPool-1 - Starting...
2026-06-08T18:25:33.185+08:00  INFO 2736 --- [library-management-system] [main] com.zaxxer.hikari.pool.HikariPool        : HikariPool-1 - Added connection com.mysql.cj.jdbc.ConnectionImpl@7db2b614
2026-06-08T18:25:33.187+08:00  INFO 2736 --- [library-management-system] [main] com.zaxxer.hikari.HikariDataSource       : HikariPool-1 - Start completed.
2026-06-08T18:25:33.363+08:00  WARN 2736 --- [library-management-system] [main] org.hibernate.orm.deprecation            : HHH90000025: MySQLDialect does not need to be specified explicitly using 'hibernate.dialect' (remove the property setting and it will be selected by default)
2026-06-08T18:25:34.673+08:00  INFO 2736 --- [library-management-system] [main] o.h.e.t.j.p.i.JtaPlatformInitiator       : HHH000489: No JTA platform available (set 'hibernate.transaction.jta.platform' to enable JTA platform integration)
2026-06-08T18:25:35.071+08:00  INFO 2736 --- [library-management-system] [main] j.LocalContainerEntityManagerFactoryBean : Initialized JPA EntityManagerFactory for persistence unit 'admin'
2026-06-08T18:25:35.182+08:00  INFO 2736 --- [library-management-system] [main] o.hibernate.jpa.internal.util.LogHelper  : HHH000204: Processing PersistenceUnitInfo [name: adminData]
2026-06-08T18:25:35.189+08:00  INFO 2736 --- [library-management-system] [main] o.h.c.internal.RegionFactoryInitiator    : HHH000026: Second-level cache disabled
2026-06-08T18:25:35.255+08:00  INFO 2736 --- [library-management-system] [main] o.s.o.j.p.SpringPersistenceUnitInfo      : No LoadTimeWeaver setup: ignoring JPA class transformer
2026-06-08T18:25:35.257+08:00  INFO 2736 --- [library-management-system] [main] com.zaxxer.hikari.HikariDataSource       : HikariPool-2 - Starting...
2026-06-08T18:25:35.267+08:00  INFO 2736 --- [library-management-system] [main] com.zaxxer.hikari.pool.HikariPool        : HikariPool-2 - Added connection com.mysql.cj.jdbc.ConnectionImpl@5523f107
2026-06-08T18:25:35.267+08:00  INFO 2736 --- [library-management-system] [main] com.zaxxer.hikari.HikariDataSource       : HikariPool-2 - Start completed.
2026-06-08T18:25:35.269+08:00  WARN 2736 --- [library-management-system] [main] org.hibernate.orm.deprecation            : HHH90000025: MySQLDialect does not need to be specified explicitly using 'hibernate.dialect' (remove the property setting and it will be selected by default)
2026-06-08T18:25:35.289+08:00  INFO 2736 --- [library-management-system] [main] o.h.e.t.j.p.i.JtaPlatformInitiator       : HHH000489: No JTA platform available (set 'hibernate.transaction.jta.platform' to enable JTA platform integration)
2026-06-08T18:25:35.290+08:00  INFO 2736 --- [library-management-system] [main] j.LocalContainerEntityManagerFactoryBean : Initialized JPA EntityManagerFactory for persistence unit 'adminData'
2026-06-08T18:25:35.300+08:00  INFO 2736 --- [library-management-system] [main] o.hibernate.jpa.internal.util.LogHelper  : HHH000204: Processing PersistenceUnitInfo [name: primary]
2026-06-08T18:25:35.307+08:00  INFO 2736 --- [library-management-system] [main] o.h.c.internal.RegionFactoryInitiator    : HHH000026: Second-level cache disabled
2026-06-08T18:25:35.363+08:00  INFO 2736 --- [library-management-system] [main] o.s.o.j.p.SpringPersistenceUnitInfo      : No LoadTimeWeaver setup: ignoring JPA class transformer
2026-06-08T18:25:35.364+08:00  INFO 2736 --- [library-management-system] [main] com.zaxxer.hikari.HikariDataSource       : HikariPool-3 - Starting...
2026-06-08T18:25:35.375+08:00  INFO 2736 --- [library-management-system] [main] com.zaxxer.hikari.pool.HikariPool        : HikariPool-3 - Added connection com.mysql.cj.jdbc.ConnectionImpl@15d41953
2026-06-08T18:25:35.375+08:00  INFO 2736 --- [library-management-system] [main] com.zaxxer.hikari.HikariDataSource       : HikariPool-3 - Start completed.
2026-06-08T18:25:35.378+08:00  WARN 2736 --- [library-management-system] [main] org.hibernate.orm.deprecation            : HHH90000025: MySQLDialect does not need to be specified explicitly using 'hibernate.dialect' (remove the property setting and it will be selected by default)
2026-06-08T18:25:35.862+08:00  INFO 2736 --- [library-management-system] [main] o.h.e.t.j.p.i.JtaPlatformInitiator       : HHH000489: No JTA platform available (set 'hibernate.transaction.jta.platform' to enable JTA platform integration)
2026-06-08T18:25:36.205+08:00  INFO 2736 --- [library-management-system] [main] j.LocalContainerEntityManagerFactoryBean : Initialized JPA EntityManagerFactory for persistence unit 'primary'
2026-06-08T18:25:36.233+08:00  INFO 2736 --- [library-management-system] [main] o.hibernate.jpa.internal.util.LogHelper  : HHH000204: Processing PersistenceUnitInfo [name: userData]
2026-06-08T18:25:36.239+08:00  INFO 2736 --- [library-management-system] [main] o.h.c.internal.RegionFactoryInitiator    : HHH000026: Second-level cache disabled
2026-06-08T18:25:36.292+08:00  INFO 2736 --- [library-management-system] [main] o.s.o.j.p.SpringPersistenceUnitInfo      : No LoadTimeWeaver setup: ignoring JPA class transformer
2026-06-08T18:25:36.294+08:00  INFO 2736 --- [library-management-system] [main] com.zaxxer.hikari.HikariDataSource       : HikariPool-4 - Starting...
2026-06-08T18:25:36.302+08:00  INFO 2736 --- [library-management-system] [main] com.zaxxer.hikari.pool.HikariPool        : HikariPool-4 - Added connection com.mysql.cj.jdbc.ConnectionImpl@3bb6bcf8
2026-06-08T18:25:36.303+08:00  INFO 2736 --- [library-management-system] [main] com.zaxxer.hikari.HikariDataSource       : HikariPool-4 - Start completed.
2026-06-08T18:25:36.305+08:00  WARN 2736 --- [library-management-system] [main] org.hibernate.orm.deprecation            : HHH90000025: MySQLDialect does not need to be specified explicitly using 'hibernate.dialect' (remove the property setting and it will be selected by default)
2026-06-08T18:25:36.326+08:00  INFO 2736 --- [library-management-system] [main] o.h.e.t.j.p.i.JtaPlatformInitiator       : HHH000489: No JTA platform available (set 'hibernate.transaction.jta.platform' to enable JTA platform integration)
2026-06-08T18:25:36.326+08:00  INFO 2736 --- [library-management-system] [main] j.LocalContainerEntityManagerFactoryBean : Initialized JPA EntityManagerFactory for persistence unit 'userData'
2026-06-08T18:25:36.352+08:00  INFO 2736 --- [library-management-system] [main] o.hibernate.jpa.internal.util.LogHelper  : HHH000204: Processing PersistenceUnitInfo [name: user]
2026-06-08T18:25:36.358+08:00  INFO 2736 --- [library-management-system] [main] o.h.c.internal.RegionFactoryInitiator    : HHH000026: Second-level cache disabled
2026-06-08T18:25:36.401+08:00  INFO 2736 --- [library-management-system] [main] o.s.o.j.p.SpringPersistenceUnitInfo      : No LoadTimeWeaver setup: ignoring JPA class transformer
2026-06-08T18:25:36.402+08:00  INFO 2736 --- [library-management-system] [main] com.zaxxer.hikari.HikariDataSource       : HikariPool-5 - Starting...
2026-06-08T18:25:36.412+08:00  INFO 2736 --- [library-management-system] [main] com.zaxxer.hikari.pool.HikariPool        : HikariPool-5 - Added connection com.mysql.cj.jdbc.ConnectionImpl@1f0bf0d0
2026-06-08T18:25:36.412+08:00  INFO 2736 --- [library-management-system] [main] com.zaxxer.hikari.HikariDataSource       : HikariPool-5 - Start completed.
2026-06-08T18:25:36.414+08:00  WARN 2736 --- [library-management-system] [main] org.hibernate.orm.deprecation            : HHH90000025: MySQLDialect does not need to be specified explicitly using 'hibernate.dialect' (remove the property setting and it will be selected by default)
2026-06-08T18:25:36.472+08:00  INFO 2736 --- [library-management-system] [main] o.h.e.t.j.p.i.JtaPlatformInitiator       : HHH000489: No JTA platform available (set 'hibernate.transaction.jta.platform' to enable JTA platform integration)
2026-06-08T18:25:36.488+08:00  INFO 2736 --- [library-management-system] [main] j.LocalContainerEntityManagerFactoryBean : Initialized JPA EntityManagerFactory for persistence unit 'user'
2026-06-08T18:25:37.915+08:00  INFO 2736 --- [library-management-system] [main] com.library.config.RedisConfig           : Redis 已清空（含旧版 Hibernate 实体脏缓存）
2026-06-08T18:25:38.312+08:00 DEBUG 2736 --- [library-management-system] [main] c.l.security.JwtAuthenticationFilter     : Filter 'jwtAuthenticationFilter' configured for use
2026-06-08T18:25:38.443+08:00  INFO 2736 --- [library-management-system] [main] o.s.d.j.r.query.QueryEnhancerFactory     : Hibernate is in classpath; If applicable, HQL parser will be used.
2026-06-08T18:25:40.346+08:00  WARN 2736 --- [library-management-system] [main] JpaBaseConfiguration$JpaWebConfiguration : spring.jpa.open-in-view is enabled by default. Therefore, database queries may be performed during view rendering. Explicitly configure spring.jpa.open-in-view to disable this warning
2026-06-08T18:25:40.782+08:00  INFO 2736 --- [library-management-system] [main] o.s.s.web.DefaultSecurityFilterChain     : Will secure any request with [org.springframework.security.web.session.DisableEncodeUrlFilter@53d5e209, org.springframework.security.web.context.request.async.WebAsyncManagerIntegrationFilter@4b7bbcd5, org.springframework.security.web.context.SecurityContextHolderFilter@3f2cb144, org.springframework.security.web.header.HeaderWriterFilter@1acdbb4e, org.springframework.web.filter.CorsFilter@46ef5990, org.springframework.security.web.authentication.logout.LogoutFilter@54691f8a, com.library.security.JwtAuthenticationFilter@3256cd5a, org.springframework.security.web.savedrequest.RequestCacheAwareFilter@413b3891, org.springframework.security.web.servletapi.SecurityContextHolderAwareRequestFilter@35eaae18, org.springframework.security.web.authentication.AnonymousAuthenticationFilter@6d362079, org.springframework.security.web.session.SessionManagementFilter@71ec7440, org.springframework.security.web.access.ExceptionTranslationFilter@8a84905, org.springframework.security.web.access.intercept.AuthorizationFilter@15731d4f]
2026-06-08T18:25:41.273+08:00  INFO 2736 --- [library-management-system] [main] o.s.b.w.embedded.tomcat.TomcatWebServer  : Tomcat started on port 8080 (http) with context path ''
2026-06-08T18:25:41.290+08:00  INFO 2736 --- [library-management-system] [main] com.library.LibraryApplication           : Started LibraryApplication in 15.418 seconds (process running for 17.778)
2026-06-08T18:25:41.311+08:00  INFO 2736 --- [library-management-system] [scheduling-1] com.library.service.RankingService       : 开始刷新排行数据...
2026-06-08T18:25:41.347+08:00  INFO 2736 --- [library-management-system] [main] c.l.config.DatabaseConstraintMigration   : [约束迁移] 旧约束 uk_user_ebook 不存在或已删除，跳过
2026-06-08T18:25:41.376+08:00  INFO 2736 --- [library-management-system] [main] c.l.config.DatabaseConstraintMigration   : [约束迁移] user_type 列已更新
2026-06-08T18:25:41.379+08:00  INFO 2736 --- [library-management-system] [main] c.l.config.DatabaseConstraintMigration   : [约束迁移] 新约束已存在，跳过
2026-06-08T18:25:41.432+08:00  INFO 2736 --- [library-management-system] [main] c.library.config.StartupSelfCheckRunner  : [启动自检] super_admin 账号数量: 1
2026-06-08T18:25:41.432+08:00  INFO 2736 --- [library-management-system] [main] c.library.config.StartupSelfCheckRunner  : [启动自检] super_admin username='superadmin', status='null', statusEmpty=true
2026-06-08T18:25:41.592+08:00  INFO 2736 --- [library-management-system] [scheduling-1] com.library.service.RankingService       : 排行数据刷新完成
2026-06-08T18:27:17.732+08:00  INFO 2736 --- [library-management-system] [http-nio-8080-exec-1] o.a.c.c.C.[Tomcat].[localhost].[/]       : Initializing Spring DispatcherServlet 'dispatcherServlet'
2026-06-08T18:27:17.732+08:00  INFO 2736 --- [library-management-system] [http-nio-8080-exec-1] o.s.web.servlet.DispatcherServlet        : Initializing Servlet 'dispatcherServlet'
2026-06-08T18:27:17.735+08:00  INFO 2736 --- [library-management-system] [http-nio-8080-exec-1] o.s.web.servlet.DispatcherServlet        : Completed initialization in 3 ms
2026-06-08T18:27:17.805+08:00  WARN 2736 --- [library-management-system] [http-nio-8080-exec-1] o.s.w.s.h.HandlerMappingIntrospector     : Cache miss for REQUEST dispatch to '/api/auth/login' (previous null). Performing MatchableHandlerMapping lookup. This is logged once only at WARN level, and every time at TRACE.
2026-06-08T18:27:18.129+08:00  INFO 2736 --- [library-management-system] [http-nio-8080-exec-1] c.l.s.MultiUserDetailsServiceImpl        : 查库加载用户: username=admin , selectedRole=ADMIN
2026-06-08T18:27:18.195+08:00  INFO 2736 --- [library-management-system] [http-nio-8080-exec-1] c.l.s.MultiUserDetailsServiceImpl        : 找到管理员: username=admin 
2026-06-08T18:27:19.177+08:00  INFO 2736 --- [library-management-system] [http-nio-8080-exec-2] c.l.s.MultiUserDetailsServiceImpl        : 查库加载用户: username=admin, selectedRole=null
2026-06-08T18:27:19.185+08:00  INFO 2736 --- [library-management-system] [http-nio-8080-exec-2] c.l.s.MultiUserDetailsServiceImpl        : 找到管理员: username=admin
2026-06-08T18:27:37.536+08:00  INFO 2736 --- [library-management-system] [SpringApplicationShutdownHook] j.LocalContainerEntityManagerFactoryBean : Closing JPA EntityManagerFactory for persistence unit 'user'
2026-06-08T18:27:37.537+08:00  INFO 2736 --- [library-management-system] [SpringApplicationShutdownHook] com.zaxxer.hikari.HikariDataSource       : HikariPool-5 - Shutdown initiated...
2026-06-08T18:27:37.547+08:00  INFO 2736 --- [library-management-system] [SpringApplicationShutdownHook] com.zaxxer.hikari.HikariDataSource       : HikariPool-5 - Shutdown completed.
2026-06-08T18:27:37.547+08:00  INFO 2736 --- [library-management-system] [SpringApplicationShutdownHook] j.LocalContainerEntityManagerFactoryBean : Closing JPA EntityManagerFactory for persistence unit 'userData'
2026-06-08T18:27:37.547+08:00  INFO 2736 --- [library-management-system] [SpringApplicationShutdownHook] com.zaxxer.hikari.HikariDataSource       : HikariPool-4 - Shutdown initiated...
2026-06-08T18:27:37.552+08:00  INFO 2736 --- [library-management-system] [SpringApplicationShutdownHook] com.zaxxer.hikari.HikariDataSource       : HikariPool-4 - Shutdown completed.
2026-06-08T18:27:37.552+08:00  INFO 2736 --- [library-management-system] [SpringApplicationShutdownHook] j.LocalContainerEntityManagerFactoryBean : Closing JPA EntityManagerFactory for persistence unit 'primary'
2026-06-08T18:27:37.552+08:00  INFO 2736 --- [library-management-system] [SpringApplicationShutdownHook] j.LocalContainerEntityManagerFactoryBean : Closing JPA EntityManagerFactory for persistence unit 'adminData'
2026-06-08T18:27:37.552+08:00  INFO 2736 --- [library-management-system] [SpringApplicationShutdownHook] com.zaxxer.hikari.HikariDataSource       : HikariPool-2 - Shutdown initiated...
2026-06-08T18:27:37.555+08:00  INFO 2736 --- [library-management-system] [SpringApplicationShutdownHook] com.zaxxer.hikari.HikariDataSource       : HikariPool-2 - Shutdown completed.
2026-06-08T18:27:37.556+08:00  INFO 2736 --- [library-management-system] [SpringApplicationShutdownHook] j.LocalContainerEntityManagerFactoryBean : Closing JPA EntityManagerFactory for persistence unit 'admin'
2026-06-08T18:27:37.557+08:00  INFO 2736 --- [library-management-system] [SpringApplicationShutdownHook] com.zaxxer.hikari.HikariDataSource       : HikariPool-1 - Shutdown initiated...
2026-06-08T18:27:37.560+08:00  INFO 2736 --- [library-management-system] [SpringApplicationShutdownHook] com.zaxxer.hikari.HikariDataSource       : HikariPool-1 - Shutdown completed.
2026-06-08T18:27:37.560+08:00  INFO 2736 --- [library-management-system] [SpringApplicationShutdownHook] com.zaxxer.hikari.HikariDataSource       : HikariPool-3 - Shutdown initiated...
2026-06-08T18:27:37.563+08:00  INFO 2736 --- [library-management-system] [SpringApplicationShutdownHook] com.zaxxer.hikari.HikariDataSource       : HikariPool-3 - Shutdown completed.
